Test medical report content
Patient: John Doe
Age: 35
Gender: Male

Test Results:
- Glucose: 95 mg/dL (Normal)
- Cholesterol: 180 mg/dL (Borderline High)
- Triglycerides: 150 mg/dL (Normal)

Notes: All tests within normal ranges.
